// Jest Snapshot v1, https://goo.gl/fbAQLP

exports[`Pruebas en <Error /> debe de hacer match con el snapshot 1`] = `
<div>
  <div
    class="w-90 h-90 bg-red-300/30 flex justify-center text-sm font-semibold text-red-500"
    style="opacity: 0;"
  >
    <svg
      aria-hidden="true"
      class="w-5 h-5 mr-2"
      fill="currentColor"
      viewBox="0 0 20 20"
      xmlns="http://www.w3.org/2000/svg"
    >
      <path
        clip-rule="evenodd"
        d="M18 10a8 8 0 11-16 0 8 8 0 0116 0zm-7 4a1 1 0 11-2 0 1 1 0 012 0zm-1-9a1 1 0 00-1 1v4a1 1 0 102 0V6a1 1 0 00-1-1z"
        fill-rule="evenodd"
      />
    </svg>
    This is an error
  </div>
</div>
`;
